// Jest Snapshot v1, https://goo.gl/fbAQLP

exports[`App component renders App 1`] = `
<DocumentFragment>
  <header>
    <h1>
      What Beers Have You Tried?
    </h1>
    <a
      href="/"
    >
      <button>
        Home
      </button>
    </a>
    <a
      href="/create"
    >
      <button>
        Add Beer
      </button>
    </a>
  </header>
  <h1>
    Loading...
  </h1>
</DocumentFragment>
`;
